---
source: backpack/src/templates.rs
expression: swaps
---
- key: key
  val_template: "Hello {{world}}"
  val: Hello crewl world

