---
source: backpack/src/config.rs
expression: config
---
Config {
    project_sources: Some(
        [
            ProjectSource {
                name: "remote",
                link: "https://raw.githubusercontent.com/rusty-ferris-club/backpack-tap/main/integration-test.yaml",
            },
        ],
    ),
    projects: Some(
        {
            "rust": Project {
                shortlink: "rusty-ferris-club",
                is_git: None,
                description: None,
                run: None,
                source: External,
                mode: None,
            },
        },
    ),
    vendors: None,
}
