---
source: backpack/src/config.rs
expression: empty_config
---
(
    Config {
        project_sources: None,
        projects: None,
        vendors: None,
    },
    Default,
)
