---
source: backpack/src/config.rs
expression: "config.projects_for_selection(Some(CopyMode::Apply))"
---
[
    (
        "apply_only",
        Project {
            shortlink: "jondot/two",
            is_git: None,
            description: None,
            source: Local,
            mode: Apply,
            actions: None,
            swaps: None,
        },
    ),
]
