---
source: backpack/src/templates.rs
expression: swaps
---
- key: key
  val_template: "Hello {{world | kebab_case}}"
  val: Hello crewl-world
  path: ~
  kind: all

