---
source: backpack/src/merge.rs
expression: "merge(&left, &right).unwrap()"
---
is_root: false
folders:
  - name: /var/log
    num_files: 20
entries:
  /var/log/f1:
    name: f1
    size: 12

