---
source: backpack/src/config.rs
expression: res
---
Ok(
    [],
)
