---
source: backpack/src/shortlink.rs
expression: "(link.clone(), expand(&link, false, &config))"
---
(
    "notfound:hygen",
    Err(
        "no vendor found for: notfound",
    ),
)
