---
source: backpack/src/shortlink.rs
expression: "(link.clone(), expand(&link, false, &vendors))"
---
(
    "my-vendor:jondot/hygen",
    Err(
        "no vendor found for: my-vendor",
    ),
)
